// Jest Snapshot v1, https://goo.gl/fbAQLP

exports[`Movie renders correctly 1`] = `
<div
  className="movieContainer"
>
  <div
    className="movieContainerPlaceholder"
  />
  <img
    alt=""
    className="movieImgHidden"
    id={1}
    onClick={[Function]}
    onLoad={[Function]}
    src="https://image.tmdb.org/t/p/w500"
  />
</div>
`;
